exports[`AnonLayout matches snapshot 1`] = `
<div
  className="layout-container">
  <div
    className="container">
    <nav
      className="nav">
      <div
        className="nav-right">
        <a
          className="nav-item"
          href="/">
          Team composition
        </a>
        <a
          className="nav-item"
          href="/users/auth/bnet">
          Sign in with Battle.net
        </a>
      </div>
    </nav>
  </div>
  <div
    className="layout-children-container">
    <p>
      Hey there
    </p>
  </div>
  <footer
    className="footer">
    <div
      className="container">
      <a
        href="/about">
        About
      </a>
      <a
        href="https://github.com/cheshire137/overwatch-team-comps"
        rel="noopener noreferrer"
        target="_blank">
        View source
      </a>
    </div>
  </footer>
</div>
`;
