exports[`AuthLayout matches snapshot 1`] = `
<div
  className="layout-container">
  <div
    className="container">
    <nav
      className="nav">
      <div
        className="nav-right">
        <a
          className="nav-item is-active"
          href="/user">
          Team composition
        </a>
        <a
          className="nav-item "
          href="/user/hero-pool">
          Your hero pool
        </a>
        <button
          className="nav-item"
          onClick={[Function]}
          title="cheetos#1234"
          type="button">
          <i
            aria-hidden="true"
            className="fa fa-user" />
        </button>
      </div>
    </nav>
  </div>
  <div
    className="layout-children-container">
    <p>
      Hey there
    </p>
  </div>
  <footer
    className="footer">
    <div
      className="container">
      <a
        href="/user/about">
        About
      </a>
      <a
        href="https://github.com/cheshire137/overwatch-team-comps"
        rel="noopener noreferrer"
        target="_blank">
        View source
      </a>
    </div>
  </footer>
</div>
`;
