exports[`HeroSelect matches snapshot 1`] = `
<div
  className="menu-container hero-select-container">
  <button
    className="button menu-toggle"
    disabled={false}
    onClick={[Function]}
    type="button">
    <span>
      <img
        alt="Hanzo"
        className="hero-portrait"
        src="/photo.jpg" />
       
      Hanzo
    </span>
     
    <i
      aria-hidden="true"
      className="fa fa-caret-down" />
  </button>
  <div
    className="menu">
    <button
      className="menu-item button is-selected hero-hanzo"
      onClick={[Function]}>
      <span
        className="with-selected">
        <img
          alt="Hanzo"
          className="hero-portrait"
          src="/photo.jpg" />
        <span
          className="css-truncate">
          Hanzo
        </span>
      </span>
      <i
        aria-hidden="true"
        className="fa fa-check menu-item-selected-indicator" />
    </button>
    <button
      className="menu-item button hero-ana"
      onClick={[Function]}>
      <span
        className="">
        <img
          alt="Ana"
          className="hero-portrait"
          src="/pic.bmp" />
        <span
          className="css-truncate">
          Ana
        </span>
      </span>
      
    </button>
  </div>
</div>
`;
