exports[`Settings matches snapshot 1`] = `
<div
  className="container">
  <form
    className="settings-form"
    onSubmit={[Function]}>
    <div
      className="field">
      <label
        className="label"
        htmlFor="email">
        Email address:
      </label>
      <input
        className="input"
        disabled={false}
        id="email"
        onChange={[Function]}
        placeholder="Your email address"
        type="text"
        value="user@example.com" />
    </div>
    <div
      className="field">
      <label
        className="label"
        htmlFor="platform">
        Which platform do you primarily play on?
      </label>
      <div>
        <span
          className="select ">
          <select
            disabled={false}
            id="platform"
            name="platform"
            onChange={[Function]}
            value="xbl">
            <option
              value="" />
            <option
              value="pc">
              PC
            </option>
            <option
              value="psn">
              PlayStation
            </option>
            <option
              value="xbl">
              Xbox
            </option>
          </select>
        </span>
      </div>
    </div>
    <div
      className="field">
      <label
        className="label"
        htmlFor="region">
        Which region do you primarily play in?
      </label>
      <div>
        <span
          className="select ">
          <select
            disabled={false}
            id="region"
            name="region"
            onChange={[Function]}
            value="eu">
            <option
              value="" />
            <option
              value="us">
              United States
            </option>
            <option
              value="eu">
              Europe
            </option>
            <option
              value="kr">
              South Korea
            </option>
            <option
              value="cn">
              China
            </option>
            <option
              value="global">
              Global
            </option>
          </select>
        </span>
      </div>
    </div>
    <button
      className="button is-primary"
      disabled={false}
      type="submit">
      Save
    </button>
  </form>
</div>
`;
